// Jest Snapshot v1, https://goo.gl/fbAQLP

exports[`components > Interest > Map Renders correctly default 1`] = `
<div
  style={
    Object {
      "height": "100%",
    }
  }
/>
`;
