// Jest Snapshot v1, https://goo.gl/fbAQLP

exports[`LoaderContainer Renders correctly 1`] = `null`;
