// Jest Snapshot v1, https://goo.gl/fbAQLP

exports[`components > core > SideNav Renders correctly default 1`] = `
<div
  className="HiddenCss-smDown-7"
>
  <div
    className="MuiDrawer-docked-17"
  >
    <div
      className="MuiPaper-root-28 MuiPaper-elevation0-30 MuiDrawer-paper-18 SideNav-drawerPaper-1 MuiDrawer-paperAnchorLeft-19 MuiDrawer-paperAnchorDockedLeft-23"
    >
      <div>
        <header
          className="MuiPaper-root-28 MuiPaper-elevation4-34 MuiAppBar-root-55 MuiAppBar-positionStatic-59 MuiAppBar-colorPrimary-61"
        >
          <div
            className="MuiToolbar-root-63 MuiToolbar-gutters-64"
          >
            <h1
              className="MuiTypography-root-65 MuiTypography-title-71 MuiTypography-colorInherit-84"
            >
              frank g.
            </h1>
          </div>
        </header>
        <ul
          className="MuiList-root-89 MuiList-padding-90"
        >
          <a
            aria-current={null}
            className="nav-link"
            href="categories"
            onClick={[Function]}
          >
            <div
              className="MuiButtonBase-root-103 MuiListItem-root-93 MuiListItem-default-96 MuiListItem-gutters-100 MuiListItem-button-101"
              onBlur={[Function]}
              onFocus={[Function]}
              onKeyDown={[Function]}
              onKeyUp={[Function]}
              onMouseDown={[Function]}
              onMouseLeave={[Function]}
              onMouseUp={[Function]}
              onTouchEnd={[Function]}
              onTouchMove={[Function]}
              onTouchStart={[Function]}
              role="button"
              tabIndex="0"
            >
              <span
                aria-hidden="true"
                className="material-icons MuiIcon-root-107 MuiIcon-colorError-111 MuiListItemIcon-root-106"
              >
                build
              </span>
              <div
                className="MuiListItemText-root-113"
              >
                <span
                  className="MuiTypography-root-65 MuiTypography-subheading-72 MuiListItemText-primary-116"
                >
                  skills
                </span>
              </div>
              <span
                className="MuiTouchRipple-root-119"
              />
            </div>
          </a>
          <hr
            className="MuiDivider-root-126"
          />
          <div
            className="MuiButtonBase-root-103 MuiListItem-root-93 MuiListItem-default-96 MuiListItem-gutters-100 MuiListItem-button-101"
            onBlur={[Function]}
            onFocus={[Function]}
            onKeyDown={[Function]}
            onKeyUp={[Function]}
            onMouseDown={[Function]}
            onMouseLeave={[Function]}
            onMouseUp={[Function]}
            onTouchEnd={[Function]}
            onTouchMove={[Function]}
            onTouchStart={[Function]}
            role="button"
            tabIndex="0"
          >
            <div
              className="MuiListItemText-root-113"
            >
              <span
                className="MuiTypography-root-65 MuiTypography-subheading-72 MuiListItemText-primary-116"
              >
                version
              </span>
              <p
                className="MuiTypography-root-65 MuiTypography-body1-74 MuiTypography-colorTextSecondary-87 MuiListItemText-secondary-117"
              >
                4.1.0-react
              </p>
            </div>
            <span
              className="MuiTouchRipple-root-119"
            />
          </div>
        </ul>
      </div>
    </div>
  </div>
</div>
`;
