// Jest Snapshot v1, https://goo.gl/fbAQLP

exports[`routes > AbstractRoute Renders correctly 1`] = `<div />`;
