// Jest Snapshot v1, https://goo.gl/fbAQLP

exports[`components > core > Header > HeaderMenu Renders correctly default 1`] = `
<button
  aria-label="options"
  className="MuiButtonBase-root-7 MuiIconButton-root-1 MuiIconButton-colorInherit-2"
  disabled={false}
  onBlur={[Function]}
  onClick={[Function]}
  onFocus={[Function]}
  onKeyDown={[Function]}
  onKeyUp={[Function]}
  onMouseDown={[Function]}
  onMouseLeave={[Function]}
  onMouseUp={[Function]}
  onTouchEnd={[Function]}
  onTouchMove={[Function]}
  onTouchStart={[Function]}
  tabIndex="0"
  type="button"
>
  <span
    className="MuiIconButton-label-6"
  >
    <span
      aria-hidden="true"
      className="material-icons MuiIcon-root-10"
    >
      more_vert
    </span>
  </span>
  <span
    className="MuiTouchRipple-root-16"
  />
</button>
`;
